illegal san: '1b1q' in rnbqkbnr/pppppppp/8/8/8/8/PPPPPPPP/RNBQKBNR w KQkq - 0 1 while parsing <Game at 0x7965f3fe1760 ('?' vs. '?', '????.??.??' at '?')>
warning: skipping unparseable game /home/diego/projects/DA_chessgames/correspondence/correspondence-2014.pgn#25: illegal san: '1b1q' in rnbqkbnr/pppppppp/8/8/8/8/PPPPPPPP/RNBQKBNR w KQkq - 0 1
Read 1092 game(s) from 10 file(s): 8 not the player's, 15 duplicate(s), 2 without moves, 1 unparseable; kept 1066.
  [1/1066] 2005-08-15-3234f7fc2c.pgn
  [2/1066] 2005-08-15-2e46e46770.pgn
  [3/1066] 2005-08-16-e80caeb14f.pgn
  [4/1066] 2005-08-21-3232b16b79.pgn
  [5/1066] 2005-08-16-b9c4bce42f.pgn
  [6/1066] 2005-08-16-76354b4faf.pgn
  [7/1066] 2005-08-15-dc91cb905e.pgn
  [8/1066] 2005-08-16-eabfdc9fd6.pgn
  [9/1066] 2005-08-23-a093f79be0.pgn
  [10/1066] 2005-08-14-f18871b965.pgn
  [11/1066] 2005-08-15-24de927586.pgn
  [12/1066] 2005-08-21-a3ceadf835.pgn
  [13/1066] 2005-08-24-54d7ba270c.pgn
  [14/1066] 2005-08-22-6190194d61.pgn
  [15/1066] 2005-08-21-36d7960e52.pgn
  [16/1066] 2005-08-16-412d93a110.pgn
  [17/1066] 2005-08-21-e732913183.pgn
  [18/1066] 2005-08-16-cd7d17edd0.pgn
  [19/1066] 2005-08-16-8b142be98f.pgn
  [20/1066] 2005-08-16-d1404dfd23.pgn
  [21/1066] 2005-08-26-ae1cd3fe17.pgn
  [22/1066] 2005-08-22-dc09040e5d.pgn
  [23/1066] 2005-08-28-427edef0d6.pgn
  [24/1066] 2005-08-28-f5850865b7.pgn
  [25/1066] 2005-08-26-d414022a7b.pgn
  [26/1066] 2005-08-15-7ec363803c.pgn
  [27/1066] 2005-08-22-d4c5a37620.pgn
  [28/1066] 2005-08-16-7b74218830.pgn
  [29/1066] 2005-09-02-d5dbfcfdf0.pgn
  [30/1066] 2005-08-28-31af2c93fb.pgn
  [31/1066] 2005-08-27-fdbcc49048.pgn
  [32/1066] 2005-08-28-7b12e468f6.pgn
  [33/1066] 2005-09-02-85f5c3b053.pgn
  [34/1066] 2005-08-18-cd46c69d08.pgn
  [35/1066] 2005-09-03-43b86a21cc.pgn
  [36/1066] 2005-08-15-15faf659e1.pgn
  [37/1066] 2005-08-21-785f76e920.pgn
  [38/1066] 2005-09-02-a8c68e0d3c.pgn
  [39/1066] 2005-08-26-bdf647c818.pgn
  [40/1066] 2005-08-15-4710711f12.pgn
  [41/1066] 2005-08-22-c26020b2de.pgn
  [42/1066] 2005-08-21-b2530c36fb.pgn
  [43/1066] 2005-08-15-e25540b045.pgn
  [44/1066] 2005-08-21-fa6e8712ea.pgn
  [45/1066] 2005-08-21-0357bdf880.pgn
  [46/1066] 2005-08-21-98c9474819.pgn
  [47/1066] 2005-08-15-aac57d4c13.pgn
  [48/1066] 2005-08-16-3b2e9a536c.pgn
  [49/1066] 2005-08-26-a11336c2fe.pgn
  [50/1066] 2005-08-22-cd063c631f.pgn
  [51/1066] 2005-08-21-f7960468fd.pgn
  [52/1066] 2005-08-28-56ef00e7b5.pgn
  [53/1066] 2005-08-21-d5b230d7cd.pgn
  [54/1066] 2005-08-21-4de58cd967.pgn
  [55/1066] 2005-08-16-66fb963da2.pgn
  [56/1066] 2005-08-21-1eea019add.pgn
  [57/1066] 2005-09-06-37dd8f6d34.pgn
  [58/1066] 2005-09-02-ad6a56cc78.pgn
  [59/1066] 2005-09-10-5af16b2720.pgn
  [60/1066] 2005-09-02-865549d8be.pgn
  [61/1066] 2005-08-15-5f717cdcbd.pgn
  [62/1066] 2005-08-16-5a215105d4.pgn
  [63/1066] 2005-08-15-b86d021bf6.pgn
  [64/1066] 2005-09-03-78796f6d11.pgn
  [65/1066] 2005-08-26-511da8b202.pgn
  [66/1066] 2005-09-06-b69e62414c.pgn
  [67/1066] 2005-08-26-1dc24ceff2.pgn
  [68/1066] 2005-09-03-36fc509958.pgn
  [69/1066] 2005-09-02-c0f638f9c6.pgn
  [70/1066] 2005-08-28-57efc0b01e.pgn
  [71/1066] 2005-08-15-54ac49f332.pgn
  [72/1066] 2005-09-13-28278bd2af.pgn
  [73/1066] 2005-08-21-19dfc3d0b8.pgn
  [74/1066] 2005-09-10-4421223660.pgn
  [75/1066] 2005-09-02-c9364e6320.pgn
  [76/1066] 2005-08-22-4722a3c478.pgn
  [77/1066] 2005-09-14-e2b8a42ba0.pgn
  [78/1066] 2005-09-02-4f695b3f10.pgn
  [79/1066] 2005-08-16-5912c29dda.pgn
  [80/1066] 2005-09-10-0c66039621.pgn
  [81/1066] 2005-09-02-2f9c34290c.pgn
  [82/1066] 2005-08-15-b37b7c2e6c.pgn
  [83/1066] 2005-09-10-c984670c0d.pgn
  [84/1066] 2005-09-19-458ddc61d2.pgn
  [85/1066] 2005-08-16-1c088251b3.pgn
  [86/1066] 2005-09-10-e2f4f823d8.pgn
  [87/1066] 2005-09-03-5c0edbea7a.pgn
  [88/1066] 2005-08-16-24dba92e77.pgn
  [89/1066] 2005-08-21-ca140b384a.pgn
  [90/1066] 2005-08-22-dee9644576.pgn
  [91/1066] 2005-08-28-94dabfd53a.pgn
  [92/1066] 2005-08-27-212a461307.pgn
  [93/1066] 2005-09-08-a5c23f7e78.pgn
  [94/1066] 2005-09-16-d6d9d40e1f.pgn
  [95/1066] 2005-09-18-272254759b.pgn
  [96/1066] 2005-08-21-0fbbca85ae.pgn
  [97/1066] 2005-09-10-df5fe4f42b.pgn
  [98/1066] 2005-09-20-cdace7b045.pgn
  [99/1066] 2005-09-10-8d02873f02.pgn
  [100/1066] 2005-09-20-7efaf1504d.pgn
  [101/1066] 2005-09-02-bc92adc71c.pgn
  [102/1066] 2005-08-27-8a5cf3e7ac.pgn
  [103/1066] 2005-09-15-61a12c44d8.pgn
  [104/1066] 2005-09-18-e7968ade5d.pgn
  [105/1066] 2005-10-16-96db0f12d6.pgn
  [106/1066] 2005-10-07-9bd03c7680.pgn
  [107/1066] 2005-09-27-0cf06ea184.pgn
  [108/1066] 2005-10-02-1e7c5534b4.pgn
  [109/1066] 2005-09-10-a7630a2675.pgn
  [110/1066] 2005-10-24-c7772ecf8a.pgn
  [111/1066] 2005-08-16-3b373164a4.pgn
  [112/1066] 2005-09-03-e899f9df32.pgn
  [113/1066] 2005-08-22-138eb5a36d.pgn
  [114/1066] 2005-09-10-c652960d9c.pgn
  [115/1066] 2005-08-22-7bcd377623.pgn
  [116/1066] 2005-09-03-5115ea90ce.pgn
  [117/1066] 2005-09-22-7ebfc13027.pgn
  [118/1066] 2005-08-21-51f38fba1c.pgn
  [119/1066] 2005-09-22-25c1d06824.pgn
  [120/1066] 2005-09-16-0a1c146893.pgn
  [121/1066] 2005-09-02-d823823a55.pgn
  [122/1066] 2005-09-10-31d7c023fe.pgn
  [123/1066] 2005-09-02-219588f68b.pgn
  [124/1066] 2005-09-30-f1952124da.pgn
  [125/1066] 2005-09-13-1c478af20a.pgn
  [126/1066] 2005-09-18-dcea513142.pgn
  [127/1066] 2005-09-03-64b94bb256.pgn
  [128/1066] 2005-09-22-4d177ac1c8.pgn
  [129/1066] 2005-09-25-bf96481511.pgn
  [130/1066] 2005-10-01-89ac4583e5.pgn
  [131/1066] 2005-09-16-4752870ec4.pgn
  [132/1066] 2005-10-01-3826de4db9.pgn
  [133/1066] 2005-09-16-18ad6f9a81.pgn
  [134/1066] 2005-09-18-6bab684d09.pgn
  [135/1066] 2005-09-19-2ff3910800.pgn
  [136/1066] 2005-09-08-0da7a07052.pgn
  [137/1066] 2005-09-27-8a1ec5cb77.pgn
  [138/1066] 2005-08-22-7a142a2e19.pgn
  [139/1066] 2005-08-21-bc31a81e67.pgn
  [140/1066] 2005-09-22-87b2f874b1.pgn
  [141/1066] 2005-09-25-e5fc240dbd.pgn
  [142/1066] 2005-09-19-4fa4b55e14.pgn
  [143/1066] 2005-09-18-366f061946.pgn
  [144/1066] 2005-10-15-ae972c4028.pgn
  [145/1066] 2005-09-10-69add791bb.pgn
  [146/1066] 2005-10-22-9decfbf495.pgn
  [147/1066] 2005-09-10-2a1f94fcbf.pgn
  [148/1066] 2005-10-12-b7549108f3.pgn
  [149/1066] 2005-10-21-a771d32d98.pgn
  [150/1066] 2005-09-18-0d3efdab55.pgn
  [151/1066] 2005-10-01-e59db0b3fc.pgn
  [152/1066] 2005-10-01-e1663dcc72.pgn
  [153/1066] 2005-09-22-9ee1907d96.pgn
  [154/1066] 2005-10-24-9e1397d615.pgn
  [155/1066] 2005-10-24-a4a634033a.pgn
  [156/1066] 2005-09-18-bfb990c1e7.pgn
  [157/1066] 2005-08-27-b36faf4d57.pgn
  [158/1066] 2005-10-06-313cf62ea1.pgn
  [159/1066] 2005-09-18-d09837376e.pgn
  [160/1066] 2005-09-18-894d2d0232.pgn
  [161/1066] 2005-08-21-8eb16eef05.pgn
  [162/1066] 2005-09-28-a91f9f632c.pgn
  [163/1066] 2005-09-18-dc5531718c.pgn
  [164/1066] 2005-09-06-8fa1331737.pgn
  [165/1066] 2005-08-27-69e4c3d766.pgn
  [166/1066] 2005-08-21-366ea78cfd.pgn
  [167/1066] 2005-09-05-46ca1485a6.pgn
  [168/1066] 2005-09-02-347e84a937.pgn
  [169/1066] 2005-09-19-641f1bb71b.pgn
  [170/1066] 2005-08-22-20d2894fc2.pgn
  [171/1066] 2005-09-03-b10598495d.pgn
  [172/1066] 2005-09-13-330de581f0.pgn
  [173/1066] 2005-09-10-ef7a3d4c33.pgn
  [174/1066] 2005-12-23-8f9d29e436.pgn
  [175/1066] 2005-09-18-c1bc7eb33d.pgn
  [176/1066] 2005-08-27-985757e6f8.pgn
  [177/1066] 2005-12-23-c403d85ef6.pgn
  [178/1066] 2005-09-13-33123053c8.pgn
  [179/1066] 2005-09-06-cbcf2dd5d5.pgn
  [180/1066] 2005-09-05-b032408046.pgn
  [181/1066] 2005-08-21-867b20ba20.pgn
  [182/1066] 2005-09-25-3dc50fd9a2.pgn
  [183/1066] 2005-09-18-fd7341bb50.pgn
  [184/1066] 2005-09-27-24a1514e18.pgn
  [185/1066] 2005-09-05-30400c42bb.pgn
  [186/1066] 2005-09-27-2075a2ad0f.pgn
  [187/1066] 2005-09-27-51c2e4e527.pgn
  [188/1066] 2005-09-10-b5371c610f.pgn
  [189/1066] 2005-09-16-3fad45fda8.pgn
  [190/1066] 2005-10-22-226e7d564a.pgn
  [191/1066] 2005-08-21-ebc69bf270.pgn
  [192/1066] 2005-09-20-7009365efb.pgn
  [193/1066] 2005-09-22-64fc4cdedd.pgn
  [194/1066] 2005-09-18-c5deed2a8a.pgn
  [195/1066] 2005-11-08-f9254df91b.pgn
  [196/1066] 2005-09-20-62c10272fd.pgn
  [197/1066] 2005-08-22-b1402ee49b.pgn
  [198/1066] 2005-10-24-1552428d4b.pgn
  [199/1066] 2005-10-10-397f4abd0f.pgn
  [200/1066] 2005-09-28-35767dfb25.pgn
  [201/1066] 2005-10-01-fad9680630.pgn
  [202/1066] 2005-09-22-019a906813.pgn
  [203/1066] 2005-12-23-ebac7f9995.pgn
  [204/1066] 2005-11-08-616cf58a87.pgn
  [205/1066] 2005-11-23-ed25e6af7d.pgn
  [206/1066] 2005-09-30-8171fc08e5.pgn
  [207/1066] 2005-12-23-7ed1230fa4.pgn
  [208/1066] 2005-09-30-da5a2cd2c3.pgn
  [209/1066] 2005-09-03-232e17ec41.pgn
  [210/1066] 2005-10-01-d748924670.pgn
  [211/1066] 2005-08-16-9e719faea5.pgn
  [212/1066] 2005-12-16-e69cd748b4.pgn
  [213/1066] 2005-09-28-9d091fa704.pgn
  [214/1066] 2005-09-30-506c8f8660.pgn
  [215/1066] 2005-09-25-c2a27b8ab2.pgn
  [216/1066] 2005-12-16-89c1301be2.pgn
  [217/1066] 2005-09-16-d4cb197479.pgn
  [218/1066] 2005-08-22-5449fb5d56.pgn
  [219/1066] 2005-11-23-c26bbe8e01.pgn
  [220/1066] 2005-10-06-3a65525956.pgn
  [221/1066] 2005-09-03-d708c7993d.pgn
  [222/1066] 2005-09-22-1b57fd8222.pgn
  [223/1066] 2005-12-16-971d1c786c.pgn
  [224/1066] 2005-08-27-7030322370.pgn
  [225/1066] 2005-10-22-10007df580.pgn
  [226/1066] 2005-09-22-708160ff8c.pgn
  [227/1066] 2005-12-30-820ee5b1ec.pgn
  [228/1066] 2005-08-22-06c79f6fb1.pgn
  [229/1066] 2005-09-06-acbbd953fd.pgn
  [230/1066] 2005-09-20-95460a3b6f.pgn
  [231/1066] 2005-09-30-1bb3026935.pgn
  [232/1066] 2005-09-22-5586e90276.pgn
  [233/1066] 2006-01-27-9233c36b16.pgn
  [234/1066] 2005-09-28-d893002075.pgn
  [235/1066] 2006-01-26-8609439171.pgn
  [236/1066] 2005-10-23-c5fb92756a.pgn
  [237/1066] 2005-09-02-00d8e6e0fb.pgn
  [238/1066] 2005-11-23-61b4adb34d.pgn
  [239/1066] 2005-11-25-d014838f30.pgn
  [240/1066] 2005-09-27-48ae7de21f.pgn
  [241/1066] 2005-10-01-2dacc8d907.pgn
  [242/1066] 2005-09-20-cc81442522.pgn
  [243/1066] 2005-08-22-07eb2333a2.pgn
  [244/1066] 2006-01-26-0901444446.pgn
  [245/1066] 2005-09-27-e85fd0880d.pgn
  [246/1066] 2006-01-26-f455845e4a.pgn
  [247/1066] 2005-09-18-ab55955cd3.pgn
  [248/1066] 2005-10-08-2582324aed.pgn
  [249/1066] 2005-09-27-970cf35c5a.pgn
  [250/1066] 2005-10-12-4aa6c6911d.pgn
  [251/1066] 2005-09-30-85cbe74b87.pgn
  [252/1066] 2006-01-26-ec5c2a1e45.pgn
  [253/1066] 2005-08-21-371a4e831c.pgn
  [254/1066] 2005-11-23-d449e0e4a8.pgn
  [255/1066] 2005-10-08-94bfb1d95e.pgn
  [256/1066] 2005-10-08-70ad64db45.pgn
  [257/1066] 2005-12-25-547072dcc7.pgn
  [258/1066] 2005-12-25-631cab0737.pgn
  [259/1066] 2005-09-28-92d26248b2.pgn
  [260/1066] 2005-12-25-9d3da2cb29.pgn
  [261/1066] 2005-09-05-fdd77dbd60.pgn
  [262/1066] 2005-09-27-084eb14ca6.pgn
  [263/1066] 2005-09-27-6ee0d7ea8a.pgn
Not transmitting history with null moves to UCI engine
Not transmitting history with null moves to UCI engine
  [264/1066] 2006-03-05-f7d2c8f77c.pgn
  [265/1066] 2006-03-05-910e34d1b0.pgn
  [266/1066] 2005-09-27-05874fbfd8.pgn
  [267/1066] 2005-09-17-7493f490fc.pgn
  [268/1066] 2005-10-12-92f2b1e834.pgn
  [269/1066] 2005-10-06-7849d44de1.pgn
  [270/1066] 2005-09-02-77df44d363.pgn
  [271/1066] 2006-03-04-67e7a05f8b.pgn
  [272/1066] 2005-11-08-62044a45b9.pgn
  [273/1066] 2005-10-06-670ea8d28f.pgn
  [274/1066] 2005-10-12-9df4644b9d.pgn
  [275/1066] 2005-09-22-612b57eb2f.pgn
  [276/1066] 2005-10-12-846d16eb9c.pgn
  [277/1066] 2005-10-02-f3e673e9b5.pgn
  [278/1066] 2005-10-06-db78649dcd.pgn
  [279/1066] 2005-09-17-c36100f508.pgn
  [280/1066] 2005-12-16-366af6f8f2.pgn
  [281/1066] 2005-10-01-7fa32df2af.pgn
  [282/1066] 2005-12-10-e513097fa1.pgn
  [283/1066] 2005-10-01-39d1ed78dd.pgn
  [284/1066] 2005-10-10-336c58c75b.pgn
  [285/1066] 2005-12-16-1caf1cc56c.pgn
  [286/1066] 2005-12-16-a680ce99c2.pgn
  [287/1066] 2006-01-14-bbae438b38.pgn
  [288/1066] 2005-09-27-7f2b14c209.pgn
  [289/1066] 2005-11-08-5c7001b6b2.pgn
  [290/1066] 2005-09-28-575e1e4fdb.pgn
  [291/1066] 2005-09-18-2c3d536345.pgn
  [292/1066] 2005-09-28-e1c1c5db48.pgn
  [293/1066] 2005-10-08-11218caa89.pgn
  [294/1066] 2005-11-08-3c0b9ccd11.pgn
  [295/1066] 2006-01-07-c7e73e5736.pgn
  [296/1066] 2006-01-08-c2bc6f779d.pgn
  [297/1066] 2005-08-22-3f93511ccf.pgn
  [298/1066] 2005-09-27-db28ee2996.pgn
  [299/1066] 2005-11-08-6caf500e45.pgn
  [300/1066] 2006-01-26-ad2bad9c5d.pgn
  [301/1066] 2005-10-22-b8e25fa0df.pgn
  [302/1066] 2005-10-01-73f753fb13.pgn
  [303/1066] 2006-01-25-6e9c0edc03.pgn
  [304/1066] 2005-12-10-3d08d70114.pgn
  [305/1066] 2005-09-22-d57f7ee011.pgn
  [306/1066] 2005-12-28-fc83dc63d2.pgn
  [307/1066] 2005-10-22-28feaa3099.pgn
  [308/1066] 2005-09-05-445221e9ef.pgn
  [309/1066] 2005-11-25-5d6371a457.pgn
  [310/1066] 2005-10-10-612eb36b7a.pgn
  [311/1066] 2005-10-23-6cac2b630f.pgn
  [312/1066] 2005-08-22-3e1c6ed8e5.pgn
  [313/1066] 2006-01-14-6e7ea8eadf.pgn
  [314/1066] 2005-10-12-a10f0454dd.pgn
  [315/1066] 2005-09-18-ff3a47d083.pgn
  [316/1066] 2005-10-01-d83566ed10.pgn
  [317/1066] 2006-01-14-cd0fbb5cce.pgn
  [318/1066] 2006-01-02-4e1b6cb123.pgn
  [319/1066] 2005-10-01-8311b20f0e.pgn
  [320/1066] 2005-10-24-d5020b1b14.pgn
  [321/1066] 2006-01-14-e704582f0c.pgn
  [322/1066] 2006-01-02-652033956d.pgn
  [323/1066] 2005-09-28-3d3356a75e.pgn
  [324/1066] 2005-09-18-862a7008ac.pgn
  [325/1066] 2005-10-23-76a8ef2a38.pgn
  [326/1066] 2005-12-10-3e15f22424.pgn
  [327/1066] 2005-09-03-014b4b090c.pgn
  [328/1066] 2005-09-25-9c217dc3cb.pgn
  [329/1066] 2005-09-03-7d1ca603ca.pgn
  [330/1066] 2005-11-25-595aabf9ba.pgn
  [331/1066] 2005-12-19-4f82eae7e5.pgn
  [332/1066] 2005-09-19-3b9c0084f3.pgn
  [333/1066] 2006-01-26-1acb9bc80b.pgn
  [334/1066] 2006-01-26-e3d36a4e0c.pgn
  [335/1066] 2006-01-08-71c06e2dfe.pgn
  [336/1066] 2006-03-05-ea05fd8701.pgn
  [337/1066] 2005-12-23-8c4d951977.pgn
  [338/1066] 2006-03-05-a14f05733a.pgn
  [339/1066] 2006-01-26-0048a27ee0.pgn
  [340/1066] 2005-08-22-1361476108.pgn
  [341/1066] 2006-01-27-33b46a3b51.pgn
  [342/1066] 2006-01-08-5bdd09bd2b.pgn
  [343/1066] 2006-01-26-1f0e68c92a.pgn
  [344/1066] 2006-01-26-4add0c9cbd.pgn
  [345/1066] 2005-11-23-33db73cb1e.pgn
  [346/1066] 2006-03-07-11805f1d1e.pgn
  [347/1066] 2006-01-25-aa73e521fc.pgn
  [348/1066] 2005-10-10-be18ee2f7c.pgn
  [349/1066] 2005-12-19-28424018db.pgn
  [350/1066] 2005-11-01-4092d007a1.pgn
  [351/1066] 2005-09-28-3d22fde9d0.pgn
  [352/1066] 2005-10-24-7ac3c68f87.pgn
illegal san: '1b1q' in rnbqkbnr/pppppppp/8/8/8/8/PPPPPPPP/RNBQKBNR w KQkq - 0 1 while parsing <Game at 0x712cfa034bc0 ('?' vs. '?', '????.??.??' at '?')>
warning: skipping unparseable game /home/diego/projects/DA_chessgames/correspondence/correspondence-2014.pgn#25: illegal san: '1b1q' in rnbqkbnr/pppppppp/8/8/8/8/PPPPPPPP/RNBQKBNR w KQkq - 0 1
Read 1092 game(s) from 10 file(s): 8 not the player's, 15 duplicate(s), 2 without moves, 1 unparseable; kept 1066.
  [1/714] 2005-10-23-f14be0f29a.pgn
  [2/714] 2005-12-10-1ae7410980.pgn
  [3/714] 2005-11-01-29ff156f43.pgn
  [4/714] 2005-11-25-afd4d8d091.pgn
  [5/714] 2005-11-23-97a0c045df.pgn
  [6/714] 2006-01-26-96909eda68.pgn
  [7/714] 2006-01-26-1c34f3829e.pgn
  [8/714] 2006-01-26-0b2e01f7d0.pgn
  [9/714] 2005-11-25-629785307b.pgn
  [10/714] 2005-09-28-96f1055e6e.pgn
  [11/714] 2006-01-26-9648fc37e6.pgn
  [12/714] 2005-12-25-5e5bfce48e.pgn
  [13/714] 2005-09-10-068da939c7.pgn
  [14/714] 2006-03-04-280ead51f6.pgn
  [15/714] 2006-01-02-a656db22ba.pgn
  [16/714] 2006-03-04-2dbfaf8d4f.pgn
  [17/714] 2005-08-21-ad95694f5c.pgn
  [18/714] 2006-01-08-1c2d40e9f2.pgn
  [19/714] 2006-01-26-7a8350cca4.pgn
  [20/714] 2005-12-10-b65362a385.pgn
  [21/714] 2005-12-23-06dbd48822.pgn
  [22/714] 2006-01-25-20f4d28798.pgn
  [23/714] 2006-03-04-381f3a1f86.pgn
  [24/714] 2005-10-22-f24d976320.pgn
  [25/714] 2005-09-27-2cf545e653.pgn
  [26/714] 2005-12-28-3f5ec47d22.pgn
  [27/714] 2006-01-25-e636300b13.pgn
  [28/714] 2006-01-08-20ed5c8df9.pgn
  [29/714] 2006-03-04-3825aac966.pgn
  [30/714] 2006-01-14-ce8a9f4563.pgn
  [31/714] 2005-09-25-5993caa2b3.pgn
  [32/714] 2006-03-09-25d42b8ccc.pgn
  [33/714] 2006-01-26-35006bb4ec.pgn
  [34/714] 2006-01-27-d05453becb.pgn
  [35/714] 2006-01-02-31cfd28cb6.pgn
  [36/714] 2005-10-08-5f9ec87987.pgn
  [37/714] 2005-10-08-3059805c4b.pgn
  [38/714] 2006-01-27-00fedd76da.pgn
  [39/714] 2006-01-24-dc23109153.pgn
  [40/714] 2006-02-12-04ec3aa435.pgn
  [41/714] 2006-03-09-c270efc3f9.pgn
  [42/714] 2006-02-12-f0eb0298d0.pgn
  [43/714] 2005-09-13-7c6351be53.pgn
  [44/714] 2006-01-02-7ae278bf0f.pgn
  [45/714] 2006-01-26-16de863158.pgn
  [46/714] 2005-12-19-a72f9d9bb3.pgn
  [47/714] 2006-03-05-182b4799e9.pgn
  [48/714] 2006-01-26-fbcbcbe230.pgn
  [49/714] 2006-01-02-c6e191cd93.pgn
  [50/714] 2006-01-26-da46ae1fab.pgn
  [51/714] 2005-12-19-4e090aae76.pgn
  [52/714] 2006-03-04-3b7d0abd01.pgn
  [53/714] 2006-01-25-5544546ab9.pgn
  [54/714] 2006-01-26-dbf210cd2d.pgn
  [55/714] 2006-03-09-1433ea669a.pgn
  [56/714] 2006-01-25-c1e365aa56.pgn
  [57/714] 2006-01-07-50c8f2101d.pgn
  [58/714] 2005-09-18-e383c85c5b.pgn
  [59/714] 2006-01-08-d2e77c5db3.pgn
  [60/714] 2006-03-04-f6acdfe835.pgn
  [61/714] 2006-03-08-686122eed1.pgn
  [62/714] 2006-01-27-fa232a0811.pgn
  [63/714] 2006-01-07-daebb7b1b6.pgn
  [64/714] 2006-04-14-9eb8eadf9a.pgn
  [65/714] 2006-01-26-40286a8140.pgn
  [66/714] 2006-01-27-5778b70e04.pgn
  [67/714] 2006-03-08-a58f9a111f.pgn
  [68/714] 2006-01-02-2fdf3b50ff.pgn
  [69/714] 2005-09-28-b0e9233580.pgn
  [70/714] 2006-01-27-2f8bdfb31a.pgn
  [71/714] 2006-06-27-692133af78.pgn
  [72/714] 2006-01-27-991da34bac.pgn
  [73/714] 2006-01-02-060dff8f2c.pgn
  [74/714] 2006-03-05-cdfae3cbb4.pgn
  [75/714] 2006-01-01-efaeddf298.pgn
  [76/714] 2005-09-02-827259e098.pgn
  [77/714] 2006-01-02-99627be114.pgn
  [78/714] 2006-03-04-a1cc22375e.pgn
  [79/714] 2006-06-23-acf75b8d26.pgn
  [80/714] 2006-03-09-0dfd8d55d3.pgn
  [81/714] 2005-12-23-f9bf97d211.pgn
  [82/714] 2005-12-23-a24c991a73.pgn
  [83/714] 2006-03-05-8743c947d5.pgn
  [84/714] 2006-03-09-783054b903.pgn
  [85/714] 2006-06-23-6985db24ba.pgn
  [86/714] 2006-06-23-1b0dfccef3.pgn
  [87/714] 2006-06-27-7410c772b1.pgn
  [88/714] 2005-12-19-ad0303a5e4.pgn
  [89/714] 2006-06-23-f51258bc5a.pgn
  [90/714] 2005-08-22-7badb3874a.pgn
  [91/714] 2006-02-12-3c2b54694f.pgn
  [92/714] 2006-03-09-f281c91c0d.pgn
  [93/714] 2005-09-05-9d83725af3.pgn
  [94/714] 2005-08-16-c0892d630d.pgn
  [95/714] 2006-03-09-14e3602ecf.pgn
  [96/714] 2006-03-08-4dfbe0f3c9.pgn
  [97/714] 2006-03-05-856cfa439f.pgn
  [98/714] 2006-06-23-89c21d207b.pgn
  [99/714] 2005-12-28-481bf675b8.pgn
  [100/714] 2006-08-04-dfee7fc0c5.pgn
  [101/714] 2006-03-08-27b2440a07.pgn
  [102/714] 2006-09-16-6b87600025.pgn
  [103/714] 2006-09-16-1a64db92d2.pgn
  [104/714] 2006-03-09-3e8b15e55a.pgn
  [105/714] 2006-08-23-ef2bf1bc1a.pgn
  [106/714] 2006-03-09-c61601433c.pgn
  [107/714] 2006-03-05-266ae8a391.pgn
  [108/714] 2006-06-23-18299113a1.pgn
  [109/714] 2006-03-09-e849664f35.pgn
  [110/714] 2006-01-27-d68a064070.pgn
  [111/714] 2006-06-23-2b0a5cf4b2.pgn
  [112/714] 2006-09-16-c5029517b0.pgn
  [113/714] 2006-08-04-8e40321417.pgn
  [114/714] 2006-08-04-e898d22a9f.pgn
  [115/714] 2006-08-04-58be037253.pgn
  [116/714] 2006-06-27-4f09e77ae9.pgn
  [117/714] 2006-03-09-a1e4961f8e.pgn
  [118/714] 2006-06-27-63e0a9c652.pgn
  [119/714] 2006-06-23-6e4acf5071.pgn
  [120/714] 2006-03-09-d311644b63.pgn
  [121/714] 2006-09-17-84efb348af.pgn
  [122/714] 2006-03-04-42714f8489.pgn
  [123/714] 2006-03-09-94c0f7d208.pgn
  [124/714] 2006-06-27-b0f7769f56.pgn
  [125/714] 2006-09-16-d1e3f0a3c3.pgn
  [126/714] 2005-09-28-82019d151f.pgn
  [127/714] 2006-12-12-eb3eaba14a.pgn
  [128/714] 2005-12-28-915e702749.pgn
  [129/714] 2006-09-17-2bfcbff4b7.pgn
  [130/714] 2006-12-07-a54fb3b875.pgn
  [131/714] 2006-06-27-05cc4862ba.pgn
  [132/714] 2007-01-10-fa13639e36.pgn
  [133/714] 2006-03-05-83db83f506.pgn
  [134/714] 2006-12-17-3f922f8d62.pgn
  [135/714] 2006-03-04-5deffbc1d3.pgn
  [136/714] 2005-12-23-793eeb052c.pgn
  [137/714] 2005-12-31-0410ab2437.pgn
  [138/714] 2006-12-03-eaf77aebe2.pgn
  [139/714] 2006-12-07-fc73e9f891.pgn
  [140/714] 2006-12-07-dc3f3b3c10.pgn
  [141/714] 2006-12-07-1959b91b4b.pgn
  [142/714] 2006-12-17-58105dd7b7.pgn
  [143/714] 2006-12-03-cf9d767ef3.pgn
  [144/714] 2006-12-17-cb1704f930.pgn
  [145/714] 2006-12-12-f8231a67a4.pgn
  [146/714] 2007-01-10-7bbed949c0.pgn
  [147/714] 2007-02-18-2051c1ece1.pgn
  [148/714] 2006-12-17-ec072685fd.pgn
  [149/714] 2007-01-22-412d4cd147.pgn
  [150/714] 2006-06-27-8e50254924.pgn
  [151/714] 2006-12-03-d4995ca4af.pgn
  [152/714] 2006-09-16-a11ecda42a.pgn
  [153/714] 2006-12-12-dcc5040ab2.pgn
  [154/714] 2006-12-12-1ee1ec287b.pgn
  [155/714] 2007-01-30-29a6177066.pgn
  [156/714] 2006-12-03-5eeff21dd4.pgn
  [157/714] 2007-01-30-230f2f5bbc.pgn
  [158/714] 2007-02-04-6670b724a1.pgn
  [159/714] 2007-02-04-ed0f5d6886.pgn
  [160/714] 2007-02-21-ba04b5c388.pgn
  [161/714] 2007-01-22-67449db242.pgn
  [162/714] 2007-01-22-0b6c74d9b6.pgn
  [163/714] 2007-02-21-0004ef59c5.pgn
  [164/714] 2007-02-21-28a6ba76d1.pgn
  [165/714] 2007-01-30-621e356b0b.pgn
  [166/714] 2006-09-16-ce1952d937.pgn
  [167/714] 2007-01-10-65c2e9d508.pgn
  [168/714] 2007-01-22-d7ee913c22.pgn
  [169/714] 2007-02-20-8d67ae414d.pgn
  [170/714] 2007-02-20-c8497b93fd.pgn
  [171/714] 2007-01-22-c0c353dd14.pgn
  [172/714] 2007-02-25-2b94f2d2be.pgn
  [173/714] 2007-02-25-bff8b0a559.pgn
  [174/714] 2007-02-25-023cc180f6.pgn
  [175/714] 2007-02-18-4df1fbfa65.pgn
  [176/714] 2007-03-19-565ba753e2.pgn
  [177/714] 2007-02-25-87e51faa35.pgn
  [178/714] 2007-03-01-d4ad3d1b73.pgn
  [179/714] 2007-02-18-8c2d9b3e32.pgn
  [180/714] 2007-01-10-4c5832b439.pgn
  [181/714] 2007-03-19-1092c93f85.pgn
  [182/714] 2006-03-09-3cda3dd577.pgn
  [183/714] 2007-01-22-5f0e3c3ef7.pgn
  [184/714] 2007-02-21-53594469a9.pgn
  [185/714] 2005-12-25-de01a80f76.pgn
  [186/714] 2007-02-04-38ebb93b6e.pgn
  [187/714] 2007-02-25-dfa6961158.pgn
  [188/714] 2005-12-28-f5a0b8c8f5.pgn
  [189/714] 2006-12-17-b1fba3672f.pgn
  [190/714] 2007-01-30-bccc2e0056.pgn
  [191/714] 2007-02-04-afaafa4d50.pgn
  [192/714] 2007-02-18-480e8f7b31.pgn
  [193/714] 2007-03-19-4c81a33d8f.pgn
  [194/714] 2006-12-23-94aa45c44f.pgn
  [195/714] 2007-03-24-cef1c73a72.pgn
  [196/714] 2007-03-01-71c047da99.pgn
  [197/714] 2007-02-18-8b74743881.pgn
  [198/714] 2007-01-30-2fe729e9de.pgn
  [199/714] 2007-03-19-8a3911d8a0.pgn
  [200/714] 2007-03-24-cfb4382a52.pgn
  [201/714] 2007-03-24-e90c0b8be4.pgn
  [202/714] 2007-03-01-859a37c0d3.pgn
  [203/714] 2007-01-30-4443cf668f.pgn
  [204/714] 2006-12-17-861f6db7ae.pgn
  [205/714] 2007-03-01-b3331145ac.pgn
  [206/714] 2007-03-24-0cf5be5a5b.pgn
  [207/714] 2007-03-01-6f52996fba.pgn
  [208/714] 2007-03-24-cf410c2a06.pgn
  [209/714] 2007-02-22-285a27319f.pgn
  [210/714] 2007-02-21-c9d963afe0.pgn
  [211/714] 2006-12-23-27ebfeb4ef.pgn
  [212/714] 2007-03-24-548ae65ac0.pgn
  [213/714] 2007-05-20-bd9f7dadc1.pgn
  [214/714] 2007-05-20-c8aceb6854.pgn
  [215/714] 2007-02-18-768e066bf4.pgn
  [216/714] 2007-03-19-3e0733fc08.pgn
  [217/714] 2006-09-17-5953586dc6.pgn
  [218/714] 2007-02-21-66fe0f4e76.pgn
  [219/714] 2006-09-17-beb23f6a21.pgn
  [220/714] 2007-02-25-08da27c839.pgn
  [221/714] 2007-07-04-55027e36d7.pgn
  [222/714] 2007-03-19-0d0341e278.pgn
  [223/714] 2007-06-21-7760239a55.pgn
  [224/714] 2007-05-20-09b74c0bac.pgn
  [225/714] 2007-06-24-9c0dff0b39.pgn
  [226/714] 2007-05-20-bd1ede3bb9.pgn
  [227/714] 2007-07-04-7663da823f.pgn
  [228/714] 2007-02-04-a4326110a3.pgn
  [229/714] 2007-06-21-11b95dd734.pgn
  [230/714] 2007-06-24-be5a6e1e96.pgn
  [231/714] 2007-02-21-da060e032b.pgn
  [232/714] 2007-06-23-c1cabd0091.pgn
  [233/714] 2007-06-23-35c0a2bfaa.pgn
  [234/714] 2007-07-01-5b8933e9d3.pgn
  [235/714] 2007-02-18-7dec0e4ae8.pgn
  [236/714] 2007-00-00-93b6e69d96.pgn
  [237/714] 2007-07-04-06775cfcae.pgn
  [238/714] 2007-00-00-803e4e44d0.pgn
  [239/714] 2007-00-00-7ab6ed3f94.pgn
  [240/714] 2007-00-00-224b8fc199.pgn
  [241/714] 2007-07-01-654a55e708.pgn
  [242/714] 2007-01-10-2b53f874f8.pgn
  [243/714] 2007-07-05-ea6c0f362a.pgn
  [244/714] 2007-05-20-f15f6cd149.pgn
  [245/714] 2006-12-23-60134a1a15.pgn
  [246/714] 2007-07-09-12ab3b6a62.pgn
  [247/714] 2006-12-23-bc77a3a427.pgn
  [248/714] 2007-07-05-efc82a6433.pgn
  [249/714] 2007-07-22-29e7508a23.pgn
  [250/714] 2007-05-20-ea882a05a4.pgn
  [251/714] 2007-07-22-51c76445bd.pgn
  [252/714] 2007-06-21-1b8bebc3d2.pgn
  [253/714] 2007-06-24-7d452a764f.pgn
  [254/714] 2007-06-21-10be3ebac7.pgn
  [255/714] 2007-08-08-851abba815.pgn
  [256/714] 2007-06-24-9e9b517ad5.pgn
  [257/714] 2007-02-22-e506819c23.pgn
  [258/714] 2005-08-21-a4236385a9.pgn
  [259/714] 2007-07-13-357c08b670.pgn
  [260/714] 2007-07-16-a3ea4f66c4.pgn
  [261/714] 2005-08-21-3b6cf4b0ab.pgn
  [262/714] 2007-07-16-9a71d4efa6.pgn
  [263/714] 2007-04-17-af2f9958d7.pgn
  [264/714] 2007-07-22-5ddb7e340e.pgn
  [265/714] 2007-09-09-875333eb89.pgn
  [266/714] 2007-07-09-c3f7fb0fbf.pgn
  [267/714] 2006-12-23-5e2bd44cf0.pgn
  [268/714] 2007-06-21-6190b46d94.pgn
  [269/714] 2007-08-08-95b7069019.pgn
  [270/714] 2007-02-21-cdb25a83b8.pgn
  [271/714] 2007-08-08-2bc95b30b0.pgn
  [272/714] 2007-07-04-e8fe74bdc8.pgn
  [273/714] 2007-03-01-1a4048058a.pgn
  [274/714] 2007-07-01-fb275baa05.pgn
  [275/714] 2007-07-22-5bf12284c0.pgn
  [276/714] 2007-06-23-b0798d4373.pgn
  [277/714] 2007-07-01-365d5f2626.pgn
  [278/714] 2007-02-04-3cb3b87767.pgn
  [279/714] 2007-07-22-6fd3f3856f.pgn
  [280/714] 2007-07-05-f904dc843d.pgn
  [281/714] 2007-07-14-6654930b6d.pgn
  [282/714] 2007-06-21-a2ba171e62.pgn
  [283/714] 2007-09-09-9268057835.pgn
  [284/714] 2007-07-09-3d5e7949ab.pgn
  [285/714] 2007-09-22-49e305d528.pgn
  [286/714] 2007-07-05-c061cbc575.pgn
  [287/714] 2007-09-09-72f9d1f504.pgn
  [288/714] 2007-07-04-46d70dbc34.pgn
  [289/714] 2007-09-09-7b2be5d590.pgn
  [290/714] 2007-07-22-622092ae22.pgn
  [291/714] 2007-06-23-fbd6a7bf53.pgn
  [292/714] 2007-04-17-e7801f8f81.pgn
  [293/714] 2007-06-24-97d9893edf.pgn
  [294/714] 2007-07-05-ce0c5aa81a.pgn
  [295/714] 2007-06-24-8ab8942d99.pgn
  [296/714] 2007-07-16-b0294dd374.pgn
  [297/714] 2007-09-22-6d7a9bbd0a.pgn
  [298/714] 2007-08-08-5ef234a693.pgn
  [299/714] 2007-07-16-97dc8c7e57.pgn
  [300/714] 2007-12-02-ee366e0c88.pgn
  [301/714] 2007-12-21-c4f1eb5816.pgn
  [302/714] 2007-07-22-8a1999d5fb.pgn
  [303/714] 2007-07-22-f518157bdb.pgn
  [304/714] 2007-07-05-75c7a6f982.pgn
  [305/714] 2007-11-13-23c6c65f89.pgn
  [306/714] 2007-12-02-9f0b2aca08.pgn
  [307/714] 2007-12-02-a86701f626.pgn
  [308/714] 2007-07-16-5b406c827c.pgn
  [309/714] 2007-07-09-a4c926b902.pgn
  [310/714] 2007-07-22-10475ef53a.pgn
  [311/714] 2007-08-08-28293c9d4a.pgn
  [312/714] 2007-08-08-ba12c303a0.pgn
  [313/714] 2009-10-24-cf7310b6f9.pgn
  [314/714] 2007-11-23-6ab33830c9.pgn
  [315/714] 2009-11-03-f7b2ca81d7.pgn
  [316/714] 2009-10-31-3a72dd18f7.pgn
  [317/714] 2009-10-24-98dc2f9e55.pgn
  [318/714] 2007-11-23-d65866ace5.pgn
  [319/714] 2011-07-04-eb4f4a9dd0.pgn
  [320/714] 2011-11-14-0f0ebe6139.pgn
  [321/714] 2011-06-30-828e2491da.pgn
  [322/714] 2009-10-25-36184b2180.pgn
  [323/714] 2009-10-26-5f32df6371.pgn
  [324/714] 2011-07-03-716a4a37cd.pgn
  [325/714] 2011-07-04-7af60e1e24.pgn
  [326/714] 2011-07-13-f9479fcc4c.pgn
  [327/714] 2011-07-04-cc7bed8d39.pgn
  [328/714] 2011-07-03-ef2bef02b2.pgn
  [329/714] 2011-07-04-684301b697.pgn
  [330/714] 2011-06-30-d5d0f6bb2a.pgn
  [331/714] 2011-06-29-9d78220be9.pgn
  [332/714] 2011-06-30-364a11849c.pgn
  [333/714] 2011-06-29-7f0d86272f.pgn
  [334/714] 2011-06-29-29ea56f7f4.pgn
  [335/714] 2011-06-29-9d0b7b0dc9.pgn
  [336/714] 2011-07-10-ab1d31eb57.pgn
  [337/714] 2011-07-04-559537a5d2.pgn
  [338/714] 2011-06-30-8d55e8d264.pgn
  [339/714] 2011-07-10-595a52ae6e.pgn
  [340/714] 2011-07-10-6bb9ca87f0.pgn
  [341/714] 2011-06-29-353f52004e.pgn
  [342/714] 2011-07-16-9860a6cc38.pgn
  [343/714] 2011-07-24-c7bdf357c6.pgn
  [344/714] 2011-07-17-a9ee4dc8d7.pgn
  [345/714] 2011-07-21-aeb2b5d043.pgn
  [346/714] 2011-07-22-9f648839e6.pgn
  [347/714] 2011-07-17-079aa6a524.pgn
  [348/714] 2011-07-24-cbf5331df8.pgn
  [349/714] 2011-06-29-8f96e44743.pgn
  [350/714] 2011-07-31-02764d3440.pgn
  [351/714] 2011-07-31-dc46aed0f9.pgn
  [352/714] 2011-07-04-0557f9c0cb.pgn
  [353/714] 2011-07-30-c77b26d003.pgn
  [354/714] 2011-07-10-8d6425d2f1.pgn
  [355/714] 2011-07-22-68a5fe9697.pgn
  [356/714] 2011-07-23-6664f6e0ae.pgn
  [357/714] 2011-07-04-811a5b8866.pgn
  [358/714] 2011-07-29-81cc56fbe5.pgn
  [359/714] 2011-07-28-190b09dc37.pgn
  [360/714] 2011-07-22-f005f8ed74.pgn
  [361/714] 2011-07-31-069538bb63.pgn
  [362/714] 2011-07-21-5fe9aafbd3.pgn
  [363/714] 2011-07-09-e4f5697f79.pgn
  [364/714] 2011-07-31-b75cc9d4d1.pgn
  [365/714] 2011-08-22-8f4c06b433.pgn
  [366/714] 2011-07-28-3ce16df224.pgn
  [367/714] 2011-07-31-2792c88291.pgn
  [368/714] 2011-06-29-f6b806f3c2.pgn
  [369/714] 2011-07-22-15b46373cb.pgn
  [370/714] 2011-08-13-5b24fe6982.pgn
  [371/714] 2011-07-24-3007b050ff.pgn
  [372/714] 2011-07-22-0c04b09129.pgn
  [373/714] 2011-07-04-a3217eba50.pgn
  [374/714] 2011-07-31-4554407086.pgn
  [375/714] 2011-07-31-0c1d8f10f7.pgn
  [376/714] 2011-07-30-9d1876d6a8.pgn
  [377/714] 2011-06-30-f6166b4cfb.pgn
  [378/714] 2011-07-22-ec0cd7da86.pgn
  [379/714] 2011-08-06-b8350fc89b.pgn
  [380/714] 2011-06-30-8500eab919.pgn
  [381/714] 2011-06-29-7a4193b186.pgn
  [382/714] 2011-08-06-4aff23ad01.pgn
  [383/714] 2011-08-28-67dd671af1.pgn
  [384/714] 2011-08-13-156e7c635d.pgn
  [385/714] 2011-08-06-e020b635a1.pgn
  [386/714] 2011-08-22-4fc0a1611b.pgn
  [387/714] 2011-06-29-5e21011c05.pgn
  [388/714] 2011-08-06-4f23c4e31d.pgn
  [389/714] 2011-09-20-159e35038e.pgn
  [390/714] 2011-09-20-e28951bf64.pgn
  [391/714] 2011-08-22-c9f0208c94.pgn
  [392/714] 2011-08-22-86ae18450f.pgn
  [393/714] 2011-08-22-f66cfe0241.pgn
  [394/714] 2011-08-22-7517247968.pgn
  [395/714] 2011-07-28-87da0c1d3f.pgn
  [396/714] 2011-08-28-638454d9ca.pgn
  [397/714] 2011-06-29-1524b63159.pgn
  [398/714] 2011-08-22-1dcbb67252.pgn
  [399/714] 2011-08-22-063b25f126.pgn
  [400/714] 2011-08-28-e1ee31debe.pgn
  [401/714] 2011-08-22-dc543c17fc.pgn
  [402/714] 2011-09-20-79b1e3975d.pgn
  [403/714] 2011-08-28-6314008f00.pgn
  [404/714] 2011-07-31-5392a689a3.pgn
  [405/714] 2011-09-20-74ea1ab592.pgn
  [406/714] 2011-08-22-33c4320b28.pgn
  [407/714] 2011-10-22-d00f33ff47.pgn
  [408/714] 2011-08-13-9125562b46.pgn
  [409/714] 2011-10-06-930f5be558.pgn
  [410/714] 2011-08-22-4e8d9b0892.pgn
  [411/714] 2011-08-30-4aade91bcb.pgn
  [412/714] 2011-08-22-e5844ab4ff.pgn
  [413/714] 2011-08-06-237d2581bd.pgn
  [414/714] 2011-08-28-ea1a118bad.pgn
  [415/714] 2011-07-31-a08239bb26.pgn
  [416/714] 2011-11-01-55097e4334.pgn
  [417/714] 2011-07-31-fbbb762446.pgn
  [418/714] 2011-10-30-b96a418a88.pgn
  [419/714] 2011-11-12-039db625c5.pgn
  [420/714] 2011-11-12-8a52d82b9d.pgn
  [421/714] 2011-11-12-78f5c1fb80.pgn
  [422/714] 2011-08-06-f176998742.pgn
  [423/714] 2011-11-14-ffb9946dfe.pgn
  [424/714] 2011-11-14-8651aa4376.pgn
  [425/714] 2011-09-20-53c9696e1b.pgn
  [426/714] 2011-09-20-92edf776df.pgn
  [427/714] 2011-08-28-92a97f7d47.pgn
  [428/714] 2011-11-07-0e98044f5d.pgn
  [429/714] 2011-11-15-40f109368e.pgn
  [430/714] 2011-11-12-3b7850da6d.pgn
  [431/714] 2011-11-14-f59df23cfd.pgn
  [432/714] 2011-12-17-488534ebd6.pgn
  [433/714] 2011-10-22-db64eeac9d.pgn
  [434/714] 2011-08-26-a1671a960e.pgn
  [435/714] 2011-08-22-2e0eaddda7.pgn
  [436/714] 2011-11-12-f0deef95b0.pgn
  [437/714] 2011-11-15-989fca1f69.pgn
  [438/714] 2011-09-20-a19db480d5.pgn
  [439/714] 2011-11-12-66a61528d7.pgn
  [440/714] 2011-12-18-9a4e630a73.pgn
  [441/714] 2011-09-20-aacb576bc7.pgn
  [442/714] 2011-12-20-7e9af39e67.pgn
  [443/714] 2011-11-14-959f71a6c3.pgn
  [444/714] 2011-11-15-65020810d9.pgn
  [445/714] 2011-11-28-f12477ef24.pgn
  [446/714] 2011-10-07-b8c8a7cc22.pgn
  [447/714] 2011-12-27-767c1e4de6.pgn
  [448/714] 2011-11-28-3d18256c72.pgn
  [449/714] 2011-10-22-de0792de86.pgn
  [450/714] 2012-01-08-5718ceb0ba.pgn
  [451/714] 2012-01-10-c7f9021ef6.pgn
  [452/714] 2012-01-10-5331d6895a.pgn
  [453/714] 2012-01-10-accadb346c.pgn
  [454/714] 2011-11-28-d419e31202.pgn
  [455/714] 2012-01-08-25f00de183.pgn
  [456/714] 2011-12-20-e153ac8649.pgn
  [457/714] 2011-12-23-6411004e6d.pgn
  [458/714] 2011-12-23-204c1a4d67.pgn
  [459/714] 2011-12-27-b3d2a66b9f.pgn
  [460/714] 2011-11-12-f3acc9b07d.pgn
  [461/714] 2011-11-25-49d1955e31.pgn
  [462/714] 2011-11-12-152d6436c2.pgn
  [463/714] 2011-11-18-bf141ee7e3.pgn
  [464/714] 2012-01-10-f19c4bba35.pgn
  [465/714] 2012-01-10-db29a567be.pgn
  [466/714] 2012-01-10-2a579396ed.pgn
  [467/714] 2014-01-01-1e6ac17b37.pgn
  [468/714] 2011-11-12-6287e78397.pgn
  [469/714] 2011-11-15-c9d0046610.pgn
  [470/714] 2011-11-18-5cc3e18a6f.pgn
  [471/714] 2013-12-26-bc1cf1484f.pgn
  [472/714] 2014-01-01-53ec9a9974.pgn
  [473/714] 2011-11-14-b51d6bfe95.pgn
  [474/714] 2013-12-30-3797365561.pgn
  [475/714] 2014-01-01-6a8c7adb9a.pgn
  [476/714] 2013-11-26-94ff8320c9.pgn
  [477/714] 2013-12-25-2d50a94871.pgn
  [478/714] 2014-01-01-ae7e3e751c.pgn
  [479/714] 2013-12-25-282fe337d6.pgn
  [480/714] 2013-12-06-2dd715d0b8.pgn
  [481/714] 2013-12-27-d1a475cbd2.pgn
  [482/714] 2013-12-25-07447f2715.pgn
  [483/714] 2013-12-14-990e7b7bd9.pgn
  [484/714] 2014-01-05-f39a0a50ad.pgn
  [485/714] 2013-12-25-ff1f90eb96.pgn
  [486/714] 2013-12-25-53b5f1adb0.pgn
  [487/714] 2013-11-20-d2ce17a796.pgn
  [488/714] 2013-12-14-7415f8df77.pgn
  [489/714] 2013-12-06-d3fdb16d25.pgn
  [490/714] 2013-12-01-71913fd8bd.pgn
  [491/714] 2013-11-24-87b903d273.pgn
  [492/714] 2013-12-14-605ed51e6f.pgn
  [493/714] 2013-11-12-7b5d5ca4cc.pgn
  [494/714] 2013-12-06-756617703d.pgn
  [495/714] 2013-12-11-b54ca93f6e.pgn
  [496/714] 2013-12-01-bd603b4541.pgn
  [497/714] 2013-12-02-cf5776c89c.pgn
  [498/714] 2013-11-12-483aa7f2c1.pgn
  [499/714] 2013-11-22-93b48cf741.pgn
  [500/714] 2013-11-19-d10f04eb3e.pgn
  [501/714] 2013-11-22-3046fd4533.pgn
  [502/714] 2013-11-22-6faa0f7106.pgn
  [503/714] 2013-11-26-d535205233.pgn
  [504/714] 2013-11-24-607b82fc5d.pgn
  [505/714] 2013-11-17-a0122ac19b.pgn
  [506/714] 2013-11-17-76f1b3d05f.pgn
  [507/714] 2013-11-19-ee95d0d437.pgn
  [508/714] 2013-11-12-10331f854e.pgn
  [509/714] 2013-05-27-dd661fa262.pgn
  [510/714] 2013-05-13-342384b967.pgn
  [511/714] 2013-05-13-88864c1074.pgn
  [512/714] 2013-05-03-1f9fd695e0.pgn
  [513/714] 2013-05-13-6b734c2537.pgn
  [514/714] 2013-05-14-d7c1ae5556.pgn
  [515/714] 2013-05-04-e9b73a081a.pgn
  [516/714] 2013-05-08-bf18963d72.pgn
  [517/714] 2013-05-03-b3edacf069.pgn
  [518/714] 2013-05-07-95be4b2b41.pgn
  [519/714] 2013-05-09-78bbfd506a.pgn
  [520/714] 2013-05-15-84d6cfe777.pgn
  [521/714] 2013-05-06-bd9b0691ce.pgn
  [522/714] 2013-05-03-54e03165a0.pgn
  [523/714] 2013-05-03-13a46290b3.pgn
  [524/714] 2013-05-02-afd83f49f8.pgn
  [525/714] 2013-05-07-6ab9215908.pgn
  [526/714] 2013-05-03-296068cc8c.pgn
  [527/714] 2013-05-02-4f926ad022.pgn
  [528/714] 2015-09-28-e8c9abb8c3.pgn
  [529/714] 2015-09-01-d875fe369c.pgn
  [530/714] 2015-09-30-8646538ea1.pgn
  [531/714] 2015-10-17-3de7b04ea7.pgn
  [532/714] 2015-10-04-1ad4b0c232.pgn
  [533/714] 2015-09-20-7cf2446c0a.pgn
  [534/714] 2015-08-28-3fa4c93534.pgn
  [535/714] 2015-09-25-7dd3cfa302.pgn
  [536/714] 2015-08-29-d6399b7b9e.pgn
  [537/714] 2015-08-30-2c38d9955e.pgn
  [538/714] 2015-09-04-7da219c4eb.pgn
  [539/714] 2015-08-22-b06c9d225a.pgn
  [540/714] 2015-08-27-7f889d9b8e.pgn
  [541/714] 2015-08-27-64b89ef64b.pgn
  [542/714] 2015-09-04-872578cb0c.pgn
  [543/714] 2015-08-12-b3c033ab6e.pgn
  [544/714] 2015-08-09-a74d95332c.pgn
  [545/714] 2015-09-28-8929fa40b6.pgn
  [546/714] 2015-08-02-78249f2345.pgn
  [547/714] 2015-08-21-4a21e3ca9a.pgn
  [548/714] 2015-08-17-85e635442e.pgn
  [549/714] 2015-08-05-58a6f1060b.pgn
  [550/714] 2015-08-16-0c6016b66d.pgn
  [551/714] 2015-08-06-1cfd7a0c0a.pgn
  [552/714] 2015-08-08-143dfcf555.pgn
  [553/714] 2015-07-15-74bdfe7533.pgn
  [554/714] 2015-07-29-14cc4a6a93.pgn
  [555/714] 2015-07-25-3458d09542.pgn
  [556/714] 2015-08-06-9786d964fc.pgn
  [557/714] 2015-07-28-02c2fba7bf.pgn
  [558/714] 2015-07-24-e3b17b0b19.pgn
  [559/714] 2015-07-12-0df3e9b74f.pgn
  [560/714] 2015-06-20-9fd6d4f3b9.pgn
  [561/714] 2015-07-25-622f172f06.pgn
  [562/714] 2015-07-12-c56388534f.pgn
  [563/714] 2015-07-16-53e45cd9fc.pgn
  [564/714] 2015-06-18-4fbbe453c7.pgn
  [565/714] 2015-07-04-3d57581988.pgn
  [566/714] 2015-07-06-7e2a9153ff.pgn
  [567/714] 2015-07-06-dc2d1994dc.pgn
  [568/714] 2015-07-04-0eaee31cdb.pgn
  [569/714] 2015-06-21-44f50b58df.pgn
  [570/714] 2015-06-18-a84bbd0dcd.pgn
  [571/714] 2015-06-28-e170e2faa2.pgn
  [572/714] 2015-06-20-a950a4b45b.pgn
  [573/714] 2015-06-17-b6493ca4e9.pgn
  [574/714] 2015-06-21-2713255391.pgn
  [575/714] 2015-06-18-a04a12c30c.pgn
  [576/714] 2015-02-03-951e6622fe.pgn
  [577/714] 2015-01-25-5e15abab46.pgn
  [578/714] 2015-02-02-ccdca94008.pgn
  [579/714] 2015-02-04-80faf2b175.pgn
  [580/714] 2015-01-30-6f8873b588.pgn
  [581/714] 2015-02-03-3c003e1971.pgn
  [582/714] 2015-01-29-4b84cf7c1e.pgn
  [583/714] 2015-01-09-844201a79e.pgn
  [584/714] 2015-01-17-b9e401278e.pgn
  [585/714] 2015-01-31-02213eb0d8.pgn
  [586/714] 2015-01-24-bee1dde96b.pgn
  [587/714] 2015-01-10-11c5e0ad82.pgn
  [588/714] 2015-01-23-98e237f7ef.pgn
  [589/714] 2015-01-18-abecceb609.pgn
  [590/714] 2015-01-17-3e392e9253.pgn
  [591/714] 2015-01-09-3b3b912f08.pgn
  [592/714] 2015-01-10-9785bba95b.pgn
  [593/714] 2015-01-07-73c5d25a61.pgn
  [594/714] 2015-01-07-5a1313451b.pgn
  [595/714] 2015-01-04-866ae6fa1e.pgn
  [596/714] 2016-06-18-a3c18face6.pgn
  [597/714] 2016-06-29-5beba63ca8.pgn
  [598/714] 2016-06-23-c7053e959a.pgn
  [599/714] 2016-06-17-837cd43bb3.pgn
  [600/714] 2016-06-25-32eb18eaf3.pgn
  [601/714] 2016-04-20-d8d50c3301.pgn
  [602/714] 2016-04-07-49716d9198.pgn
  [603/714] 2016-05-04-2f7c831b23.pgn
  [604/714] 2016-04-09-443c63a7bf.pgn
  [605/714] 2015-12-31-e7eb2c59bf.pgn
  [606/714] 2016-04-09-f705603450.pgn
  [607/714] 2016-04-04-d434067671.pgn
  [608/714] 2016-03-31-27ce2dbce8.pgn
  [609/714] 2016-03-31-1d22b2d795.pgn
  [610/714] 2016-03-09-9078df8c9f.pgn
  [611/714] 2016-04-30-beca15f149.pgn
  [612/714] 2016-03-30-a308d0bf86.pgn
  [613/714] 2016-03-21-a822c10232.pgn
  [614/714] 2016-03-20-a91e611d55.pgn
  [615/714] 2016-03-06-ba811d71b6.pgn
  [616/714] 2016-03-10-1fdfde9f93.pgn
  [617/714] 2016-03-05-d0abf70f51.pgn
  [618/714] 2015-12-12-05e6d1033d.pgn
  [619/714] 2015-12-12-7afbfd6892.pgn
  [620/714] 2015-10-31-821cf62e06.pgn
  [621/714] 2015-10-25-4184d667b6.pgn
  [622/714] 2016-03-06-54fa4a91d5.pgn
  [623/714] 2016-01-04-12d62cf352.pgn
  [624/714] 2015-11-29-cd92302f4d.pgn
  [625/714] 2017-03-11-f25b59ec90.pgn
  [626/714] 2017-03-11-be037e476d.pgn
  [627/714] 2017-03-10-5915324006.pgn
  [628/714] 2017-02-01-75804843cd.pgn
  [629/714] 2017-02-16-30dec6321e.pgn
  [630/714] 2017-02-03-ed6028b1fe.pgn
  [631/714] 2017-02-01-51eaf4009f.pgn
  [632/714] 2017-02-01-36c43316c1.pgn
  [633/714] 2017-07-24-e9ef772091.pgn
  [634/714] 2017-03-09-b327b44517.pgn
  [635/714] 2017-07-25-f4a6a9e03f.pgn
  [636/714] 2017-07-23-9f7592b165.pgn
  [637/714] 2017-07-22-78757f74d5.pgn
  [638/714] 2017-02-01-a541f069e4.pgn
  [639/714] 2017-07-26-a906be44b5.pgn
  [640/714] 2017-07-23-00e00c8a67.pgn
  [641/714] 2017-07-23-a5db505da3.pgn
  [642/714] 2017-07-28-66c9d836de.pgn
  [643/714] 2017-08-08-7bfe07b0cb.pgn
  [644/714] 2017-06-01-0fc6d5858d.pgn
  [645/714] 2017-08-05-d8a41c5efd.pgn
  [646/714] 2017-08-15-9b8d02a61a.pgn
  [647/714] 2017-08-20-068c94ba84.pgn
  [648/714] 2017-07-30-07d8662d93.pgn
  [649/714] 2017-07-26-c4bb081994.pgn
  [650/714] 2017-02-01-b0628785a6.pgn
  [651/714] 2017-08-19-592856723e.pgn
  [652/714] 2017-08-08-21876ade38.pgn
  [653/714] 2019-08-27-487051681e.pgn
  [654/714] 2017-07-27-80f43293a6.pgn
  [655/714] 2019-09-02-10c8c54e78.pgn
  [656/714] 2019-08-29-2918b7fd21.pgn
  [657/714] 2019-08-30-b642433b19.pgn
  [658/714] 2017-07-28-13d7689783.pgn
  [659/714] 2019-08-26-8929734b08.pgn
  [660/714] 2019-08-25-8a57e2db79.pgn
  [661/714] 2019-09-08-4a3b0fadcd.pgn
  [662/714] 2019-09-07-ad3ddb824b.pgn
  [663/714] 2019-08-25-d54a559980.pgn
  [664/714] 2019-09-30-79e4113ee7.pgn
  [665/714] 2019-09-14-712eed5af2.pgn
  [666/714] 2019-10-24-05024cf0d3.pgn
  [667/714] 2019-09-03-807c2bd5f8.pgn
  [668/714] 2019-09-29-4f4d8a08d6.pgn
  [669/714] 2019-09-08-1c397b385a.pgn
  [670/714] 2019-09-04-f288481c92.pgn
illegal san: '1b1q' in rnbqkbnr/pppppppp/8/8/8/8/PPPPPPPP/RNBQKBNR w KQkq - 0 1 while parsing <Game at 0x783cadc27680 ('?' vs. '?', '????.??.??' at '?')>
warning: skipping unparseable game /home/diego/projects/DA_chessgames/correspondence/correspondence-2014.pgn#25: illegal san: '1b1q' in rnbqkbnr/pppppppp/8/8/8/8/PPPPPPPP/RNBQKBNR w KQkq - 0 1
Read 1092 game(s) from 10 file(s): 8 not the player's, 15 duplicate(s), 2 without moves, 1 unparseable; kept 1066.
  [1/44] 2019-10-01-5752dfd483.pgn
  [2/44] 2019-09-08-13441e8ebe.pgn
  [3/44] 2019-11-10-acf1ea4437.pgn
  [4/44] 2019-09-18-e79e22ab36.pgn
  [5/44] 2019-11-03-b49d0dc47a.pgn
  [6/44] 2019-11-02-3c042ba209.pgn
  [7/44] 2019-10-31-027ea6b337.pgn
  [8/44] 2019-12-07-f1930a2581.pgn
  [9/44] 2019-12-13-67f877b4e0.pgn
  [10/44] 2019-12-11-739e268ace.pgn
  [11/44] 2019-12-24-a95115d73c.pgn
  [12/44] 2019-12-14-9ad922de05.pgn
  [13/44] 2019-12-11-ff12521f95.pgn
  [14/44] 2019-11-01-7e9c91c732.pgn
  [15/44] 2019-12-21-f32e879664.pgn
  [16/44] 2020-01-21-ee6497b97f.pgn
  [17/44] 2019-12-23-6e710eb527.pgn
  [18/44] 2019-12-15-969e331fc7.pgn
  [19/44] 2019-12-13-cb66766087.pgn
  [20/44] 2020-02-14-75b78fbf65.pgn
  [21/44] 2019-12-29-a6026f9fdf.pgn
  [22/44] 2020-02-18-b5fb09e75b.pgn
  [23/44] 2019-12-15-19ccc3d047.pgn
  [24/44] 2020-02-05-2f006eaef7.pgn
  [25/44] 2020-02-13-fd067e23bf.pgn
  [26/44] 2020-02-19-6f3907d7a1.pgn
  [27/44] 2020-02-27-e8d03641a1.pgn
  [28/44] 2019-12-30-bde7ee4875.pgn
  [29/44] 2020-08-03-d8f47a7d52.pgn
  [30/44] 2020-08-19-91646fd767.pgn
  [31/44] 2020-07-28-2b32529046.pgn
  [32/44] 2019-12-31-4f2943ea23.pgn
  [33/44] 2020-08-03-9911fb8099.pgn
  [34/44] 2020-03-01-896a10fb99.pgn
  [35/44] 2020-07-26-3687fd612a.pgn
  [36/44] 2020-08-27-4014eb7287.pgn
  [37/44] 2020-11-19-52de02fdca.pgn
  [38/44] 2020-07-31-a29f82fbdb.pgn
  [39/44] 2020-11-22-4c182ee0ec.pgn
  [40/44] 2020-07-27-c381ad811a.pgn
  [41/44] 2020-07-27-61c8054187.pgn
  [42/44] 2020-12-06-f94ba2291e.pgn
  [43/44] 2020-12-04-d8eb0a41df.pgn
  [44/44] 2020-11-22-f46f8dba52.pgn
Analyzed 44 game(s) into book/correspondence/analyzed; 1022 already there.
